node:internal/modules/cjs/loader:1433
  throw err;
  ^

Error: Cannot find module '/usr/local/lib/node_modules/openclaw/node_modules/@mariozechner/pi-coding-agent/package.json'
Require stack:
- /tmp/[eval]
    at Function._resolveFilename (node:internal/modules/cjs/loader:1430:15)
    at defaultResolveImpl (node:internal/modules/cjs/loader:1040:19)
    at resolveForCJSWithHooks (node:internal/modules/cjs/loader:1045:22)
    at Function._load (node:internal/modules/cjs/loader:1216:25)
    at wrapModuleLoad (node:internal/modules/cjs/loader:254:19)
    at Module.require (node:internal/modules/cjs/loader:1527:12)
    at require (node:internal/modules/helpers:147:16)
    at [eval]:1:157
    at runScriptInThisContext (node:internal/vm:209:10)
    at node:internal/process/execution:446:12 {
  code: 'MODULE_NOT_FOUND',
  requireStack: [ '/tmp/[eval]' ]
}

Node.js v22.23.1
