#0 building with "colima" instance using docker driver

#1 [internal] load build definition from Dockerfile
#1 transferring dockerfile: 635B done
#1 DONE 0.0s

#2 [internal] load metadata for docker.io/library/node:22-bookworm-slim@sha256:6c74791e557ce11fc957704f6d4fe134a7bc8d6f5ca4403205b2966bd488f6b3
#2 DONE 0.0s

#3 [internal] load .dockerignore
#3 transferring context: 2B done
#3 DONE 0.0s

#4 [1/6] FROM docker.io/library/node:22-bookworm-slim@sha256:6c74791e557ce11fc957704f6d4fe134a7bc8d6f5ca4403205b2966bd488f6b3
#4 resolve docker.io/library/node:22-bookworm-slim@sha256:6c74791e557ce11fc957704f6d4fe134a7bc8d6f5ca4403205b2966bd488f6b3 0.0s done
#4 DONE 0.0s

#5 [internal] load build context
#5 transferring context: 4.66MB 0.0s done
#5 DONE 0.1s

#6 [2/6] RUN npm install --global --ignore-scripts openclaw@2026.5.20
#6 CACHED

#7 [3/6] COPY chio-openclaw-kernel-0.1.0.tgz /opt/chio-package.tgz
#7 DONE 0.0s

#8 [4/6] RUN npm install --prefix /opt/chio --ignore-scripts --offline --no-audit --no-fund /opt/chio-package.tgz     && rm /opt/chio-package.tgz
#8 3.534 
#8 3.534 added 1 package in 3s
#8 DONE 3.6s

#9 [5/6] COPY proxy.mjs /opt/chio/proxy.mjs
#9 DONE 0.0s

#10 [6/6] WORKDIR /tmp
#10 DONE 0.0s

#11 exporting to image
#11 exporting layers
#11 exporting layers 0.4s done
#11 exporting manifest sha256:06f6294060ad672f50d401066829153551fa83b3ada7eec50016d2370f30484f done
#11 exporting config sha256:379b68f08b71c4f1f0459d6550322f42851903d00920a7bc8323a40a6d42d8fb done
#11 exporting attestation manifest sha256:a83f7d3276f4e1cb878408fe42e860a3416458cb251e9144e15034b8c3846c78 done
#11 exporting manifest list sha256:1586b295831a811e4ba890fe466e9397bc44eeff9b77fa41ae740cc845eb4c2d done
#11 naming to docker.io/library/chio-openclaw-host:watchdog-r3-20260909 0.0s done
#11 unpacking to docker.io/library/chio-openclaw-host:watchdog-r3-20260909
#11 unpacking to docker.io/library/chio-openclaw-host:watchdog-r3-20260909 0.2s done
#11 DONE 0.6s

View build details: docker-desktop://dashboard/build/colima/colima/65mwgn9j2zkw00h57rwogo3h6
Container build context retained at /var/folders/jy/95wms_mn265f0bpj_v6wc4zh0000gn/T/chio-openclaw-image-itBMAn
